// Vitest Snapshot v1

exports[`selectDefFrom4byteAbi > select correct result 1`] = `
[
  "swapExactTokensForTokens",
  [
    "#1",
    3,
    32,
    [],
  ],
  [
    "#2",
    3,
    32,
    [],
  ],
  [
    "#3",
    1,
    0,
    [
      0,
    ],
  ],
  [
    "#4",
    1,
    0,
    [],
  ],
  [
    "#5",
    3,
    32,
    [],
  ],
]
`;
